// Jest Snapshot v1, https://goo.gl/fbAQLP

exports[`ref-utils should validate definition with urlencoded paths 1`] = `Array []`;
